../Core/Src/main.c:68:5:__io_putchar	24	static
../Core/Src/main.c:79:6:switchValve	8	static
../Core/Src/main.c:92:5:main	80	static
../Core/Src/main.c:173:6:SystemClock_Config	96	static
../Core/Src/main.c:223:6:PeriphCommonClock_Config	144	static
../Core/Src/main.c:249:13:MX_ADC1_Init	48	static
../Core/Src/main.c:316:13:MX_ADC2_Init	32	static
../Core/Src/main.c:374:13:MX_USART1_UART_Init	8	static
../Core/Src/main.c:409:13:MX_USART2_UART_Init	8	static
../Core/Src/main.c:444:13:MX_GPIO_Init	40	static
../Core/Src/main.c:482:6:Error_Handler	4	static,ignoring_inline_asm
