../Core/Src/main.c:68:5:__io_putchar	24	static
../Core/Src/main.c:88:5:main	80	static
../Core/Src/main.c:178:6:SystemClock_Config	96	static
../Core/Src/main.c:228:6:PeriphCommonClock_Config	144	static
../Core/Src/main.c:254:13:MX_ADC1_Init	48	static
../Core/Src/main.c:321:13:MX_ADC2_Init	32	static
../Core/Src/main.c:379:13:MX_USART1_UART_Init	8	static
../Core/Src/main.c:414:13:MX_USART2_UART_Init	8	static
../Core/Src/main.c:449:13:MX_GPIO_Init	40	static
../Core/Src/main.c:477:6:Error_Handler	4	static,ignoring_inline_asm
